id,title,duration,startDate,endDate,location,superEvent,twitter,email
new-unicorn-event,New Unicorn Event,,2019-05-27,2019-05-29,,uni_corn,info@uni.corn