event,date,description
Submission deadline,2019-04-10,
Notifications,2019-05-15,
