prefixes:
  ov: http://open.vocab.org/terms/

mappings:
  workshops:
    sources:
      - ['csv/general-info.csv~csv']
    s: https//uni.corn/Event/$(id)
    po:
      - [a, schema:Event]
      - [schema:name, $(title)]
      - [schema:duration, $(duration)]
      - [schema:startDate, $(startDate)]
      - [schema:endDate, $(endDate)]
      - [schema:location, $(location)]
      - [schema:superEvent, $(superEvent)]
      - [ov:twitter-id, $(twitter)]
      - [schema:email, $(email)]
      - p: schema:subEvent
        o:
          mapping: dates
      - p: schema:organizer
        o:
          mapping: organizers

  topics:
    sources:
      - ['csv/topics.csv~csv']
    s: https//uni.corn/Topic/$(id)
    po:
      - [a, schema:CreativeWork]
      - [schema:name, $(name)]

  subtopics:
    sources:
      - ['csv/subtopics.csv~csv']
    s: https//uni.corn/Topic/$(id)
    po:
       - [schema:keyword, $(subtopic)]
  pc:
    sources:
      - ['csv/pc.csv~csv']
    s: https//uni.corn/ProgramCommittee/$(id)
    po:
      - [a, schema:Person]
      - [schema:performerIn, https//uni.corn/Event/example-event~iri]
      - [schema:name, $(name)]
      - [schema:memberOf, $(organization)]
  dates:
    sources:
      - ['csv/important-dates.csv~csv']
    s: https//uni.corn/ImportantDates/$(date)
    po:
      - [a, schema:Event]
      - [schema:name, $(event)]
      - [schema:startDate, $(date)]
      - [schema:description, $(description)]

  organizers:
    sources:
      - ['csv/organizers.csv~csv']
    s: https//uni.corn/Organizer/$(id)
    po:
      - [a, schema:Person]
      - [schema:name, $(name)]
      - [schema:sameAs, $(webpage)]
      - [ov:twitter-id, $(twitter)]
      - [schema:memberOf, $(organization)]
      - [schema:image, http://localhost:8080/img/$(photo)]
      - [schema:description, $(biography)]
      - [schema:email, $(email)]
      - [schema:jobTitle, $(role)]
      - [http://example.org/linkedin, $(linkedin)]
