id,name,organization,email,photo,twitter,webpage,biography,role,linkedin
john-doe,John Doe,,john@doe.com,,,http://johndoe.com,,,
jane-doe,Jane Doe,,jane@doe.com,,,,,,
