id,name,organization
sucy-jameson,Sucy Jameson,Company #3
victoria-brell,Victoria Brell,Company #4
