id,name
semantic-web,Semantic Web
knowledge-graphs,Knowledge Graphs
